== terraform ==
[0m[1mInitializing the backend...[0m

[0m[1mInitializing modules...[0m

[0m[1mInitializing provider plugins...[0m
- Reusing previous version of terraform-lxd/lxd from the dependency lock file
- Using previously-installed terraform-lxd/lxd v2.7.1

[0m[1m[32mTerraform has been successfully initialized![0m[32m[0m
[0m[32m
You may now begin working with Terraform. Try running "terraform plan" to see
any changes that are required for your infrastructure. All Terraform commands
should now work.

If you ever set or change modules or backend configuration for Terraform,
rerun this command to reinitialize your working directory. If you forget, other
commands will detect it and remind you to do so if necessary.[0m
[0m[1mmodule.server["logs"].lxd_instance.vm: Refreshing state... [name=kijanikiosk-logs][0m
[0m[1mmodule.server["payments"].lxd_instance.vm: Refreshing state... [name=kijanikiosk-payments][0m
[0m[1mmodule.server["api"].lxd_instance.vm: Refreshing state... [name=kijanikiosk-api][0m

[0m[1m[32mNo changes.[0m[1m Your infrastructure matches the configuration.[0m

[0mTerraform has compared your real infrastructure against your configuration
and found no differences, so no changes are needed.
[0m[1m[32m
Apply complete! Resources: 0 added, 0 changed, 0 destroyed.[0m
[0m[1m[32m
Outputs:

[0mserver_ips = {
  "api" = "10.40.224.111"
  "logs" = "10.40.224.79"
  "payments" = "10.40.224.61"
}
ssh_commands = {
  "api" = "ssh -i ~/.ssh/id_rsa ubuntu@10.40.224.111"
  "logs" = "ssh -i ~/.ssh/id_rsa ubuntu@10.40.224.79"
  "payments" = "ssh -i ~/.ssh/id_rsa ubuntu@10.40.224.61"
}
[0m[1mmodule.server["logs"].lxd_instance.vm: Refreshing state... [name=kijanikiosk-logs][0m
[0m[1mmodule.server["payments"].lxd_instance.vm: Refreshing state... [name=kijanikiosk-payments][0m
[0m[1mmodule.server["api"].lxd_instance.vm: Refreshing state... [name=kijanikiosk-api][0m

[0m[1m[32mNo changes.[0m[1m Your infrastructure matches the configuration.[0m

[0mTerraform has compared your real infrastructure against your configuration
and found no differences, so no changes are needed.
== inventory ==
[kijanikiosk]
kijanikiosk-api ansible_host=10.40.224.111
kijanikiosk-payments ansible_host=10.40.224.61
kijanikiosk-logs ansible_host=10.40.224.79
== ansible ==

PLAY [kijanikiosk] *************************************************************

TASK [Gathering Facts] *********************************************************
ok: [kijanikiosk-api]
ok: [kijanikiosk-logs]
ok: [kijanikiosk-payments]

TASK [Create resolved config directory] ****************************************
ok: [kijanikiosk-api]
ok: [kijanikiosk-logs]
ok: [kijanikiosk-payments]

TASK [Set DNS servers] *********************************************************
ok: [kijanikiosk-logs]
ok: [kijanikiosk-api]
ok: [kijanikiosk-payments]

TASK [Apply DNS now] ***********************************************************

TASK [Apply DNS now] ***********************************************************

TASK [Apply DNS now] ***********************************************************

PLAY [kijanikiosk] *************************************************************

TASK [Gathering Facts] *********************************************************
ok: [kijanikiosk-logs]
ok: [kijanikiosk-api]
ok: [kijanikiosk-payments]

TASK [Install packages] ********************************************************
