== terraform ==
[0m[1mInitializing the backend...[0m

[0m[1mInitializing modules...[0m

[0m[1mInitializing provider plugins...[0m
- Reusing previous version of terraform-lxd/lxd from the dependency lock file
- Using previously-installed terraform-lxd/lxd v2.7.1

[0m[1m[32mTerraform has been successfully initialized![0m[32m[0m
[0m[32m
You may now begin working with Terraform. Try running "terraform plan" to see
any changes that are required for your infrastructure. All Terraform commands
should now work.

If you ever set or change modules or backend configuration for Terraform,
rerun this command to reinitialize your working directory. If you forget, other
commands will detect it and remind you to do so if necessary.[0m

Terraform used the selected providers to generate the following execution
plan. Resource actions are indicated with the following symbols:
  [32m+[0m create[0m

Terraform will perform the following actions:

[1m  # module.server["api"].lxd_instance.vm[0m will be created
[0m  [32m+[0m[0m resource "lxd_instance" "vm" {
      [32m+[0m[0m allow_restart    = false
      [32m+[0m[0m config           = {
          [32m+[0m[0m "cloud-init.user-data" = <<-EOT
                #cloud-config
                ssh_authorized_keys:
                  - ssh-rsa AAAAB3NzaC1yc2EAAAADAQABAAACAQDFJuq3+SJF1b06JBhFGl/HQuDKaXxKQP4hTya/fsyb54aBH5K0+m3/cWzu+6GNUaIJDPT1+DAMoj+R9tf0791AIHSwxqfSmgesQvDHLVBEiAPCUqlpWXTCsw187A/3r/o4yFcCg4aEJyAUjNuMuxtdgiB2tMFUOWd+/TjOGxcIIvipttIWVErlpGLHwAQWT/wYFA2MOAgoCsubfd9JmYOjR+L7wNZobP+0XRuPiHiObDVOAjG9Q0sWL1wByVQ+EVzx7Crch51S65yk346m5kC66N2wYMkB7XERKb4ru3H0WV5o8Sza6vIvK7ycsUlXPmyIV49779+IHyrPRh0jXOMPCCvEZAu47CTTkPgcm1GPDe93Bz86GxmhvqThLrX840QpbtXvTTrLGoI91lZOuvH/ryq1srcE1pPDH0OJsiTP57iwLvxGabF+bb0bAgZo0J89l/4Xdl5c2o48F8zRnujcXwku2gEdntupby8JUrOX3YhKPh3ScqzRI/5EO9U8gYIt1X6jO41iGp4rlsI81ke4+aX1eH8fx+ev5YYvixbnuZsyBZoinnODpck3OPYx26uTs+0seJpfDACkaFageRtovSk37XxKgL56Zmxx42fRDkZVSE/9HVcnFDdmM1l8ykjTlOfhAyA2IcPl9fDGGMlCNrrZBuc9h5dY0W0fIBwxZQ== isaac@ISA
                
                write_files:
                  - path: /etc/systemd/resolved.conf.d/dns.conf
                    content: |
                      [Resolve]
                      DNS=8.8.8.8 1.1.1.1
                runcmd:
                  - systemctl restart systemd-resolved
            EOT
        }
      [32m+[0m[0m description      = ""
      [32m+[0m[0m ephemeral        = false
      [32m+[0m[0m image            = "ubuntu:22.04"
      [32m+[0m[0m interfaces       = (known after apply)
      [32m+[0m[0m ipv4_address     = (known after apply)
      [32m+[0m[0m ipv6_address     = (known after apply)
      [32m+[0m[0m limits           = {
          [32m+[0m[0m "cpu"    = "1"
          [32m+[0m[0m "memory" = "1GiB"
        }
      [32m+[0m[0m location         = (known after apply)
      [32m+[0m[0m mac_address      = (known after apply)
      [32m+[0m[0m name             = "kijanikiosk-api"
      [32m+[0m[0m profiles         = [
          [32m+[0m[0m "default",
        ]
      [32m+[0m[0m running          = true
      [32m+[0m[0m status           = (known after apply)
      [32m+[0m[0m type             = "container"
      [32m+[0m[0m wait_for_network = true
    }

[1m  # module.server["logs"].lxd_instance.vm[0m will be created
[0m  [32m+[0m[0m resource "lxd_instance" "vm" {
      [32m+[0m[0m allow_restart    = false
      [32m+[0m[0m config           = {
          [32m+[0m[0m "cloud-init.user-data" = <<-EOT
                #cloud-config
                ssh_authorized_keys:
                  - ssh-rsa AAAAB3NzaC1yc2EAAAADAQABAAACAQDFJuq3+SJF1b06JBhFGl/HQuDKaXxKQP4hTya/fsyb54aBH5K0+m3/cWzu+6GNUaIJDPT1+DAMoj+R9tf0791AIHSwxqfSmgesQvDHLVBEiAPCUqlpWXTCsw187A/3r/o4yFcCg4aEJyAUjNuMuxtdgiB2tMFUOWd+/TjOGxcIIvipttIWVErlpGLHwAQWT/wYFA2MOAgoCsubfd9JmYOjR+L7wNZobP+0XRuPiHiObDVOAjG9Q0sWL1wByVQ+EVzx7Crch51S65yk346m5kC66N2wYMkB7XERKb4ru3H0WV5o8Sza6vIvK7ycsUlXPmyIV49779+IHyrPRh0jXOMPCCvEZAu47CTTkPgcm1GPDe93Bz86GxmhvqThLrX840QpbtXvTTrLGoI91lZOuvH/ryq1srcE1pPDH0OJsiTP57iwLvxGabF+bb0bAgZo0J89l/4Xdl5c2o48F8zRnujcXwku2gEdntupby8JUrOX3YhKPh3ScqzRI/5EO9U8gYIt1X6jO41iGp4rlsI81ke4+aX1eH8fx+ev5YYvixbnuZsyBZoinnODpck3OPYx26uTs+0seJpfDACkaFageRtovSk37XxKgL56Zmxx42fRDkZVSE/9HVcnFDdmM1l8ykjTlOfhAyA2IcPl9fDGGMlCNrrZBuc9h5dY0W0fIBwxZQ== isaac@ISA
                
                write_files:
                  - path: /etc/systemd/resolved.conf.d/dns.conf
                    content: |
                      [Resolve]
                      DNS=8.8.8.8 1.1.1.1
                runcmd:
                  - systemctl restart systemd-resolved
            EOT
        }
      [32m+[0m[0m description      = ""
      [32m+[0m[0m ephemeral        = false
      [32m+[0m[0m image            = "ubuntu:22.04"
      [32m+[0m[0m interfaces       = (known after apply)
      [32m+[0m[0m ipv4_address     = (known after apply)
      [32m+[0m[0m ipv6_address     = (known after apply)
      [32m+[0m[0m limits           = {
          [32m+[0m[0m "cpu"    = "1"
          [32m+[0m[0m "memory" = "1GiB"
        }
      [32m+[0m[0m location         = (known after apply)
      [32m+[0m[0m mac_address      = (known after apply)
      [32m+[0m[0m name             = "kijanikiosk-logs"
      [32m+[0m[0m profiles         = [
          [32m+[0m[0m "default",
        ]
      [32m+[0m[0m running          = true
      [32m+[0m[0m status           = (known after apply)
      [32m+[0m[0m type             = "container"
      [32m+[0m[0m wait_for_network = true
    }

[1m  # module.server["payments"].lxd_instance.vm[0m will be created
[0m  [32m+[0m[0m resource "lxd_instance" "vm" {
      [32m+[0m[0m allow_restart    = false
      [32m+[0m[0m config           = {
          [32m+[0m[0m "cloud-init.user-data" = <<-EOT
                #cloud-config
                ssh_authorized_keys:
                  - ssh-rsa AAAAB3NzaC1yc2EAAAADAQABAAACAQDFJuq3+SJF1b06JBhFGl/HQuDKaXxKQP4hTya/fsyb54aBH5K0+m3/cWzu+6GNUaIJDPT1+DAMoj+R9tf0791AIHSwxqfSmgesQvDHLVBEiAPCUqlpWXTCsw187A/3r/o4yFcCg4aEJyAUjNuMuxtdgiB2tMFUOWd+/TjOGxcIIvipttIWVErlpGLHwAQWT/wYFA2MOAgoCsubfd9JmYOjR+L7wNZobP+0XRuPiHiObDVOAjG9Q0sWL1wByVQ+EVzx7Crch51S65yk346m5kC66N2wYMkB7XERKb4ru3H0WV5o8Sza6vIvK7ycsUlXPmyIV49779+IHyrPRh0jXOMPCCvEZAu47CTTkPgcm1GPDe93Bz86GxmhvqThLrX840QpbtXvTTrLGoI91lZOuvH/ryq1srcE1pPDH0OJsiTP57iwLvxGabF+bb0bAgZo0J89l/4Xdl5c2o48F8zRnujcXwku2gEdntupby8JUrOX3YhKPh3ScqzRI/5EO9U8gYIt1X6jO41iGp4rlsI81ke4+aX1eH8fx+ev5YYvixbnuZsyBZoinnODpck3OPYx26uTs+0seJpfDACkaFageRtovSk37XxKgL56Zmxx42fRDkZVSE/9HVcnFDdmM1l8ykjTlOfhAyA2IcPl9fDGGMlCNrrZBuc9h5dY0W0fIBwxZQ== isaac@ISA
                
                write_files:
                  - path: /etc/systemd/resolved.conf.d/dns.conf
                    content: |
                      [Resolve]
                      DNS=8.8.8.8 1.1.1.1
                runcmd:
                  - systemctl restart systemd-resolved
            EOT
        }
      [32m+[0m[0m description      = ""
      [32m+[0m[0m ephemeral        = false
      [32m+[0m[0m image            = "ubuntu:22.04"
      [32m+[0m[0m interfaces       = (known after apply)
      [32m+[0m[0m ipv4_address     = (known after apply)
      [32m+[0m[0m ipv6_address     = (known after apply)
      [32m+[0m[0m limits           = {
          [32m+[0m[0m "cpu"    = "1"
          [32m+[0m[0m "memory" = "1GiB"
        }
      [32m+[0m[0m location         = (known after apply)
      [32m+[0m[0m mac_address      = (known after apply)
      [32m+[0m[0m name             = "kijanikiosk-payments"
      [32m+[0m[0m profiles         = [
          [32m+[0m[0m "default",
        ]
      [32m+[0m[0m running          = true
      [32m+[0m[0m status           = (known after apply)
      [32m+[0m[0m type             = "container"
      [32m+[0m[0m wait_for_network = true
    }

[1mPlan:[0m [0m3 to add, 0 to change, 0 to destroy.

Changes to Outputs:
  [32m+[0m[0m server_ips   = {
      [32m+[0m[0m api      = (known after apply)
      [32m+[0m[0m logs     = (known after apply)
      [32m+[0m[0m payments = (known after apply)
    }
  [32m+[0m[0m ssh_commands = {
      [32m+[0m[0m api      = (known after apply)
      [32m+[0m[0m logs     = (known after apply)
      [32m+[0m[0m payments = (known after apply)
    }
[0m[1mmodule.server["payments"].lxd_instance.vm: Creating...[0m[0m
[0m[1mmodule.server["logs"].lxd_instance.vm: Creating...[0m[0m
[0m[1mmodule.server["api"].lxd_instance.vm: Creating...[0m[0m
[0m[1mmodule.server["logs"].lxd_instance.vm: Still creating... [00m10s elapsed][0m[0m
[0m[1mmodule.server["payments"].lxd_instance.vm: Still creating... [00m10s elapsed][0m[0m
[0m[1mmodule.server["api"].lxd_instance.vm: Still creating... [00m10s elapsed][0m[0m
[0m[1mmodule.server["logs"].lxd_instance.vm: Creation complete after 12s [name=kijanikiosk-logs][0m
[0m[1mmodule.server["payments"].lxd_instance.vm: Still creating... [00m20s elapsed][0m[0m
[0m[1mmodule.server["api"].lxd_instance.vm: Still creating... [00m20s elapsed][0m[0m
[0m[1mmodule.server["payments"].lxd_instance.vm: Creation complete after 30s [name=kijanikiosk-payments][0m
[0m[1mmodule.server["api"].lxd_instance.vm: Still creating... [00m30s elapsed][0m[0m
[0m[1mmodule.server["api"].lxd_instance.vm: Creation complete after 35s [name=kijanikiosk-api][0m
[0m[1m[32m
Apply complete! Resources: 3 added, 0 changed, 0 destroyed.[0m
[0m[1m[32m
Outputs:

[0mserver_ips = {
  "api" = "10.40.224.167"
  "logs" = "10.40.224.166"
  "payments" = "10.40.224.171"
}
ssh_commands = {
  "api" = "ssh -i ~/.ssh/id_rsa ubuntu@10.40.224.167"
  "logs" = "ssh -i ~/.ssh/id_rsa ubuntu@10.40.224.166"
  "payments" = "ssh -i ~/.ssh/id_rsa ubuntu@10.40.224.171"
}
[0m[1mmodule.server["payments"].lxd_instance.vm: Refreshing state... [name=kijanikiosk-payments][0m
[0m[1mmodule.server["logs"].lxd_instance.vm: Refreshing state... [name=kijanikiosk-logs][0m
[0m[1mmodule.server["api"].lxd_instance.vm: Refreshing state... [name=kijanikiosk-api][0m

[0m[1m[32mNo changes.[0m[1m Your infrastructure matches the configuration.[0m

[0mTerraform has compared your real infrastructure against your configuration
and found no differences, so no changes are needed.
== inventory ==
[kijanikiosk]
kijanikiosk-api ansible_host=10.40.224.167
kijanikiosk-payments ansible_host=10.40.224.171
kijanikiosk-logs ansible_host=10.40.224.166
== ansible ==

PLAY [kijanikiosk] *************************************************************

TASK [Gathering Facts] *********************************************************
ok: [kijanikiosk-api]
ok: [kijanikiosk-payments]
ok: [kijanikiosk-logs]

TASK [Create resolved config directory] ****************************************
ok: [kijanikiosk-api]
ok: [kijanikiosk-logs]
[ERROR]: Task failed: Timeout (12s) waiting for privilege escalation prompt:
Origin: /home/isaac/kijanikiosk-devops-foundation/week4/friday/ansible/dns.yml:4:7

2   become: true
3   tasks:
4     - name: Create resolved config directory
        ^ column 7

fatal: [kijanikiosk-payments]: UNREACHABLE! => {"changed": false, "msg": "Task failed: Timeout (12s) waiting for privilege escalation prompt:", "unreachable": true}

TASK [Set DNS servers] *********************************************************
ok: [kijanikiosk-logs]
ok: [kijanikiosk-api]

TASK [Make apt use IPv4 and fail fast] *****************************************
changed: [kijanikiosk-logs]
changed: [kijanikiosk-api]

TASK [Apply DNS now] ***********************************************************

TASK [Apply DNS now] ***********************************************************

PLAY [kijanikiosk] *************************************************************

TASK [Gathering Facts] *********************************************************
ok: [kijanikiosk-logs]
ok: [kijanikiosk-api]

TASK [Install packages] ********************************************************
